 
================================================ 
Tue 06/16/2026  8:34:04.03 — T2SAIM Gunluk Guncelleme 
================================================ 
[1/3] USDTRY verisi cekiliyor... 
$USDTRY=X: possibly delisted; no price data found  (1d 2026-06-17 -> 2026-06-17) (Yahoo error = "Data doesn't exist for startDate = 1781650800, endDate = 1781650800")

1 Failed download:
['USDTRY=X']: possibly delisted; no price data found  (1d 2026-06-17 -> 2026-06-17) (Yahoo error = "Data doesn't exist for startDate = 1781650800, endDate = 1781650800")
Son mevcut veri: 2026-06-16
Cekiliyor: 2026-06-17 -> 2026-06-17
Yeni veri yok (piyasa kapali olabilir)
[2/3] Kriz indeksi hesaplaniyor... 
OK: 701 gunluk veri uretildi -> B:\Hariseldon\crisis_data.json
   Dun (2026-06-15): CI=0.0038, SRI=0.0039, Alarm=0
   Bellek: 0.018 | L6: 0
[3/3] GitHub push... 
On branch main
Your branch is up to date with 'origin/main'.

Untracked files:
  (use "git add <file>..." to include in what will be committed)
	daily_update.bat
	logs/
	setup_task.ps1

nothing added to commit but untracked files present (use "git add" to track)
Everything up-to-date
BASARILI: Guncelleme tamamlandi 
Bitis:  8:34:12.70 
